../Drivers/CMSIS/Include/core_cm4.h:2064:26:ITM_SendChar	16	static,ignoring_inline_asm
../Core/Src/main.c:88:5:main	24	static
../Core/Src/main.c:152:6:SystemClock_Config	88	static
../Core/Src/main.c:195:13:MX_TIM2_Init	56	static
../Core/Src/main.c:241:13:MX_TIM5_Init	32	static
../Core/Src/main.c:282:13:MX_USART2_UART_Init	8	static
../Core/Src/main.c:313:13:MX_GPIO_Init	48	static
../Core/Src/main.c:342:5:_write	32	static
../Core/Src/main.c:351:6:HAL_TIM_PeriodElapsedCallback	24	static
../Core/Src/main.c:357:10:micros	12	static
../Core/Src/main.c:361:6:QEIEncoderPositionVelocity_Update	32	static
../Core/Src/main.c:390:6:Error_Handler	4	static,ignoring_inline_asm
