../Core/Src/main.c:76:5:main	8	static
../Core/Src/main.c:141:6:SystemClock_Config	88	static
../Core/Src/main.c:184:13:MX_SPI3_Init	8	static
../Core/Src/main.c:220:13:MX_USART2_UART_Init	8	static
../Core/Src/main.c:251:13:MX_GPIO_Init	48	static
../Core/Src/main.c:291:6:SPITxRx_Setup	8	static
../Core/Src/main.c:299:6:SPITxRx_readIO_A	8	static
../Core/Src/main.c:309:6:SetOutputGPIOB	8	static
../Core/Src/main.c:319:6:WriteGPIOB	8	static
../Core/Src/main.c:329:6:HAL_SPI_TxRxCpltCallback	16	static
../Core/Src/main.c:335:6:HAL_SPI_TxCpltCallback	16	static
../Core/Src/main.c:347:6:Error_Handler	4	static,ignoring_inline_asm
