20:05:33 **** Incremental Build of configuration Debug for project F103 Test ****
make -j16 all 
arm-none-eabi-gcc "../Core/Src/main.c" -mcpu=cortex-m3 -std=gnu11 -g3 -DDEBUG -DUSE_HAL_DRIVER -DSTM32F103xB -c -I../Core/Inc -I../Drivers/STM32F1xx_HAL_Driver/Inc/Legacy -I../Drivers/STM32F1xx_HAL_Driver/Inc -I../Drivers/CMSIS/Device/ST/STM32F1xx/Include -I../Drivers/CMSIS/Include -I../USB_DEVICE/App -I../USB_DEVICE/Target -I../Middlewares/ST/STM32_USB_Device_Library/Core/Inc -I../Middlewares/ST/STM32_USB_Device_Library/Class/CDC/Inc -O0 -ffunction-sections -fdata-sections -Wall -fstack-usage -fcyclomatic-complexity -MMD -MP -MF"Core/Src/main.d" -MT"Core/Src/main.o" --specs=nano.specs -mfloat-abi=soft -mthumb -o "Core/Src/main.o"
arm-none-eabi-gcc -o "F103 Test.elf" @"objects.list"   -mcpu=cortex-m3 -T"C:\ST\FRA222-Microcontroller-Interface\F103 Test\STM32F103C8TX_FLASH.ld" --specs=nosys.specs -Wl,-Map="F103 Test.map" -Wl,--gc-sections -static --specs=nano.specs -mfloat-abi=soft -mthumb -Wl,--start-group -lc -lm -Wl,--end-group
Finished building target: F103 Test.elf
 
arm-none-eabi-size   F103\ Test.elf 
arm-none-eabi-objdump -h -S  F103\ Test.elf  > "F103 Test.list"
   text	   data	    bss	    dec	    hex	filename
  25040	     20	   3036	  28096	   6dc0	F103 Test.elf
arm-none-eabi-objcopy  -O binary  F103\ Test.elf  "F103 Test.bin"
Finished building: default.size.stdout
 
Finished building: F103 Test.bin
 
Finished building: F103 Test.list
 

20:05:35 Build Finished. 0 errors, 0 warnings. (took 2s.22ms)

