22:25:17 **** Incremental Build of configuration Debug for project FRA262-G6 ****
make -j16 all 
arm-none-eabi-gcc "../Core/Src/main.c" -mcpu=cortex-m4 -std=gnu11 -g3 -DDEBUG -DUSE_HAL_DRIVER -DSTM32F411xE -c -I../Core/Inc -I../Drivers/STM32F4xx_HAL_Driver/Inc -I../Drivers/STM32F4xx_HAL_Driver/Inc/Legacy -I../Drivers/CMSIS/Device/ST/STM32F4xx/Include -I../Drivers/CMSIS/Include -I../Middlewares/Third_Party/ARM_CMSIS/CMSIS/Core/Include/ -I../Middlewares/Third_Party/ARM_CMSIS/CMSIS/Core_A/Include/ -I../Middlewares/Third_Party/ARM_CMSIS/CMSIS/DSP/Include -O0 -ffunction-sections -fdata-sections -Wall -fstack-usage -fcyclomatic-complexity -MMD -MP -MF"Core/Src/main.d" -MT"Core/Src/main.o" --specs=nano.specs -mfpu=fpv4-sp-d16 -mfloat-abi=hard -mthumb -o "Core/Src/main.o"
arm-none-eabi-gcc -o "FRA262-G6.elf" @"objects.list"  -l:libarm_cortexM4lf_math.a -mcpu=cortex-m4 -T"C:\ST\FRA222-Microcontroller-Interface\FRA262-G6\STM32F411RETX_FLASH.ld" --specs=nosys.specs -Wl,-Map="FRA262-G6.map" -Wl,--gc-sections -static -L../Middlewares/Third_Party/ARM_CMSIS/CMSIS/DSP/Lib/GCC --specs=nano.specs -mfpu=fpv4-sp-d16 -mfloat-abi=hard -mthumb -Wl,--start-group -lc -lm -Wl,--end-group
Finished building target: FRA262-G6.elf
 
arm-none-eabi-size   FRA262-G6.elf 
arm-none-eabi-objdump -h -S  FRA262-G6.elf  > "FRA262-G6.list"
   text	   data	    bss	    dec	    hex	filename
  38660	    632	   4328	  43620	   aa64	FRA262-G6.elf
Finished building: default.size.stdout
 
Finished building: FRA262-G6.list
 

22:25:18 Build Finished. 0 errors, 0 warnings. (took 1s.269ms)

