10:31:38 **** Incremental Build of configuration Debug for project LAB3 Timer PWM ****
make -j16 all 
arm-none-eabi-gcc "../Core/Src/main.c" -mcpu=cortex-m4 -std=gnu11 -g3 -DDEBUG -DUSE_HAL_DRIVER -DSTM32F411xE -c -I../Core/Inc -I../Drivers/STM32F4xx_HAL_Driver/Inc -I../Drivers/STM32F4xx_HAL_Driver/Inc/Legacy -I../Drivers/CMSIS/Device/ST/STM32F4xx/Include -I../Drivers/CMSIS/Include -O0 -ffunction-sections -fdata-sections -Wall -fstack-usage -MMD -MP -MF"Core/Src/main.d" -MT"Core/Src/main.o" --specs=nano.specs -mfpu=fpv4-sp-d16 -mfloat-abi=hard -mthumb -o "Core/Src/main.o"
arm-none-eabi-gcc -o "LAB3 Timer PWM.elf" @"objects.list"   -mcpu=cortex-m4 -T"C:\ST\FRA222-Microcontroller-Interface\LAB\FRA222-LAB3-Timer-PWM\STM32F411RETX_FLASH.ld" --specs=nosys.specs -Wl,-Map="LAB3 Timer PWM.map" -Wl,--gc-sections -static --specs=nano.specs -mfpu=fpv4-sp-d16 -mfloat-abi=hard -mthumb -Wl,--start-group -lc -lm -Wl,--end-group
Finished building target: LAB3 Timer PWM.elf
 
arm-none-eabi-size   LAB3\ Timer\ PWM.elf 
arm-none-eabi-objdump -h -S  LAB3\ Timer\ PWM.elf  > "LAB3 Timer PWM.list"
   text	   data	    bss	    dec	    hex	filename
  19292	     28	   1972	  21292	   532c	LAB3 Timer PWM.elf
Finished building: default.size.stdout
 
Finished building: LAB3 Timer PWM.list
 

10:31:39 Build Finished. 0 errors, 0 warnings. (took 1s.87ms)

