13:06:50 **** Incremental Build of configuration Debug for project Week 2 Button Matrix ****
make -j16 all 
arm-none-eabi-gcc "../Core/Src/main.c" -mcpu=cortex-m4 -std=gnu11 -g3 -DDEBUG -DUSE_HAL_DRIVER -DSTM32F411xE -c -I../Core/Inc -I../Drivers/STM32F4xx_HAL_Driver/Inc -I../Drivers/STM32F4xx_HAL_Driver/Inc/Legacy -I../Drivers/CMSIS/Device/ST/STM32F4xx/Include -I../Drivers/CMSIS/Include -O0 -ffunction-sections -fdata-sections -Wall -fstack-usage -MMD -MP -MF"Core/Src/main.d" -MT"Core/Src/main.o" --specs=nano.specs -mfpu=fpv4-sp-d16 -mfloat-abi=hard -mthumb -o "Core/Src/main.o"
arm-none-eabi-gcc -o "Week 2 Button Matrix.elf" @"objects.list"   -mcpu=cortex-m4 -T"C:\ST\FRA222-Microcontroller-Interface\Week 2 Button Matrix\STM32F411RETX_FLASH.ld" --specs=nosys.specs -Wl,-Map="Week 2 Button Matrix.map" -Wl,--gc-sections -static --specs=nano.specs -mfpu=fpv4-sp-d16 -mfloat-abi=hard -mthumb -Wl,--start-group -lc -lm -Wl,--end-group
Finished building target: Week 2 Button Matrix.elf
 
arm-none-eabi-size   Week\ 2\ Button\ Matrix.elf 
arm-none-eabi-objdump -h -S  Week\ 2\ Button\ Matrix.elf  > "Week 2 Button Matrix.list"
   text	   data	    bss	    dec	    hex	filename
   8124	     84	   1652	   9860	   2684	Week 2 Button Matrix.elf
Finished building: default.size.stdout
 
Finished building: Week 2 Button Matrix.list
 

13:06:51 Build Finished. 0 errors, 0 warnings. (took 1s.93ms)

