11:55:51 **** Incremental Build of configuration Debug for project Week 9 UART Polling-IT ****
make -j16 all 
arm-none-eabi-gcc "../Core/Src/main.c" -mcpu=cortex-m4 -std=gnu11 -g3 -DDEBUG -DUSE_HAL_DRIVER -DSTM32F411xE -c -I../Core/Inc -I../Drivers/STM32F4xx_HAL_Driver/Inc -I../Drivers/STM32F4xx_HAL_Driver/Inc/Legacy -I../Drivers/CMSIS/Device/ST/STM32F4xx/Include -I../Drivers/CMSIS/Include -O0 -ffunction-sections -fdata-sections -Wall -fstack-usage -MMD -MP -MF"Core/Src/main.d" -MT"Core/Src/main.o" --specs=nano.specs -mfpu=fpv4-sp-d16 -mfloat-abi=hard -mthumb -o "Core/Src/main.o"
../Core/Src/main.c: In function 'UARTPollingMethod':
../Core/Src/main.c:246:55: warning: 'sprintf' may write a terminating nul past the end of the destination [-Wformat-overflow=]
  246 |   sprintf((char*) TxBuffer, "Received Timeout : %s\r\n", RxBuffer);
      |                                                       ^
../Core/Src/main.c:246:3: note: 'sprintf' output between 22 and 41 bytes into a destination of size 40
  246 |   sprintf((char*) TxBuffer, "Received Timeout : %s\r\n", RxBuffer);
      |   ^~~~~~~~~~~~~~~~~~~~~~~~~~~~~~~~~~~~~~~~~~~~~~~~~~~~~~~~~~~~~~~~
arm-none-eabi-gcc -o "Week 9 UART Polling-IT.elf" @"objects.list"   -mcpu=cortex-m4 -T"C:\ST\FRA222-Microcontroller-Interface\Week 9 UART Polling-IT\STM32F411RETX_FLASH.ld" --specs=nosys.specs -Wl,-Map="Week 9 UART Polling-IT.map" -Wl,--gc-sections -static --specs=nano.specs -mfpu=fpv4-sp-d16 -mfloat-abi=hard -mthumb -Wl,--start-group -lc -lm -Wl,--end-group
Finished building target: Week 9 UART Polling-IT.elf
 
arm-none-eabi-size   Week\ 9\ UART\ Polling-IT.elf 
arm-none-eabi-objdump -h -S  Week\ 9\ UART\ Polling-IT.elf  > "Week 9 UART Polling-IT.list"
   text	   data	    bss	    dec	    hex	filename
  14040	    120	   1720	  15880	   3e08	Week 9 UART Polling-IT.elf
Finished building: default.size.stdout
 
Finished building: Week 9 UART Polling-IT.list
 

11:55:52 Build Finished. 0 errors, 1 warnings. (took 1s.99ms)

