12:20:03 **** Incremental Build of configuration Debug for project Week 1 ****
make -j16 all 
arm-none-eabi-gcc "../Core/Src/main.c" -mcpu=cortex-m4 -std=gnu11 -g3 -DDEBUG -DUSE_HAL_DRIVER -DSTM32F411xE -c -I../Core/Inc -I../Drivers/STM32F4xx_HAL_Driver/Inc -I../Drivers/STM32F4xx_HAL_Driver/Inc/Legacy -I../Drivers/CMSIS/Device/ST/STM32F4xx/Include -I../Drivers/CMSIS/Include -O0 -ffunction-sections -fdata-sections -Wall -fstack-usage -MMD -MP -MF"Core/Src/main.d" -MT"Core/Src/main.o" --specs=nano.specs -mfpu=fpv4-sp-d16 -mfloat-abi=hard -mthumb -o "Core/Src/main.o"
arm-none-eabi-gcc -o "Week 1.elf" @"objects.list"   -mcpu=cortex-m4 -T"C:\ST\FRA222-Microcontroller-Interface\Week 1\STM32F411RETX_FLASH.ld" --specs=nosys.specs -Wl,-Map="Week 1.map" -Wl,--gc-sections -static --specs=nano.specs -mfpu=fpv4-sp-d16 -mfloat-abi=hard -mthumb -Wl,--start-group -lc -lm -Wl,--end-group
Finished building target: Week 1.elf
 
arm-none-eabi-size   Week\ 1.elf 
arm-none-eabi-objdump -h -S  Week\ 1.elf  > "Week 1.list"
   text	   data	    bss	    dec	    hex	filename
   7752	     20	   1636	   9408	   24c0	Week 1.elf
Finished building: default.size.stdout
 
Finished building: Week 1.list
 

12:20:04 Build Finished. 0 errors, 0 warnings. (took 1s.7ms)

